Could not find platform independent libraries <prefix>
Fatal Python error: Failed to import encodings module
Python runtime state: core initialized
ModuleNotFoundError: No module named 'encodings'

Current thread 0x000038f4 (most recent call first):
  <no Python frame>
Could not find platform independent libraries <prefix>
Fatal Python error: Failed to import encodings module
Python runtime state: core initialized
ModuleNotFoundError: No module named 'encodings'

Current thread 0x0000022c (most recent call first):
  <no Python frame>
Could not find platform independent libraries <prefix>
Fatal Python error: Failed to import encodings module
Python runtime state: core initialized
ModuleNotFoundError: No module named 'encodings'

Current thread 0x000027d4 (most recent call first):
  <no Python frame>
Could not find platform independent libraries <prefix>
Fatal Python error: Failed to import encodings module
Python runtime state: core initialized
ModuleNotFoundError: No module named 'encodings'

Current thread 0x000030e8 (most recent call first):
  <no Python frame>
Could not find platform independent libraries <prefix>
Fatal Python error: Failed to import encodings module
Python runtime state: core initialized
ModuleNotFoundError: No module named 'encodings'

Current thread 0x00000da8 (most recent call first):
  <no Python frame>
Could not find platform independent libraries <prefix>
Fatal Python error: Failed to import encodings module
Python runtime state: core initialized
ModuleNotFoundError: No module named 'encodings'

Current thread 0x00001e6c (most recent call first):
  <no Python frame>
Fatal Python error: Failed to import encodings module
Python runtime state: core initialized
ModuleNotFoundError: No module named 'encodings'

Current thread 0x00002abc (most recent call first):
  <no Python frame>
Fatal Python error: Failed to import encodings module
Python runtime state: core initialized
ModuleNotFoundError: No module named 'encodings'

Current thread 0x00001ea8 (most recent call first):
  <no Python frame>
Fatal Python error: Failed to import encodings module
Python runtime state: core initialized
ModuleNotFoundError: No module named 'encodings'

Current thread 0x00000e3c (most recent call first):
  <no Python frame>
Fatal Python error: Failed to import encodings module
Python runtime state: core initialized
ModuleNotFoundError: No module named 'encodings'

Current thread 0x000020cc (most recent call first):
  <no Python frame>
Fatal Python error: Failed to import encodings module
Python runtime state: core initialized
ModuleNotFoundError: No module named 'encodings'

Current thread 0x0000338c (most recent call first):
  <no Python frame>
Fatal Python error: Failed to import encodings module
Python runtime state: core initialized
ModuleNotFoundError: No module named 'encodings'

Current thread 0x000004c0 (most recent call first):
  <no Python frame>
Fatal Python error: Failed to import encodings module
Python runtime state: core initialized
ModuleNotFoundError: No module named 'encodings'

Current thread 0x0000081c (most recent call first):
  <no Python frame>
Fatal Python error: Failed to import encodings module
Python runtime state: core initialized
ModuleNotFoundError: No module named 'encodings'

Current thread 0x00002e70 (most recent call first):
  <no Python frame>
Fatal Python error: Failed to import encodings module
Python runtime state: core initialized
ModuleNotFoundError: No module named 'encodings'

Current thread 0x00002d28 (most recent call first):
  <no Python frame>
Fatal Python error: Failed to import encodings module
Python runtime state: core initialized
ModuleNotFoundError: No module named 'encodings'

Current thread 0x000006a4 (most recent call first):
  <no Python frame>
Fatal Python error: Failed to import encodings module
Python runtime state: core initialized
ModuleNotFoundError: No module named 'encodings'

Current thread 0x0000384c (most recent call first):
  <no Python frame>
Fatal Python error: Failed to import encodings module
Python runtime state: core initialized
ModuleNotFoundError: No module named 'encodings'

Current thread 0x000020cc (most recent call first):
  <no Python frame>
Fatal Python error: Failed to import encodings module
Python runtime state: core initialized
ModuleNotFoundError: No module named 'encodings'

Current thread 0x00001324 (most recent call first):
  <no Python frame>
Fatal Python error: Failed to import encodings module
Python runtime state: core initialized
ModuleNotFoundError: No module named 'encodings'

Current thread 0x00000d60 (most recent call first):
  <no Python frame>
Fatal Python error: Failed to import encodings module
Python runtime state: core initialized
ModuleNotFoundError: No module named 'encodings'

Current thread 0x000035f4 (most recent call first):
  <no Python frame>
Fatal Python error: Failed to import encodings module
Python runtime state: core initialized
ModuleNotFoundError: No module named 'encodings'

Current thread 0x00003b20 (most recent call first):
  <no Python frame>
Fatal Python error: Failed to import encodings module
Python runtime state: core initialized
ModuleNotFoundError: No module named 'encodings'

Current thread 0x00002bb8 (most recent call first):
  <no Python frame>
