Could not find platform independent libraries <prefix>
Fatal Python error: Failed to import encodings module
Python runtime state: core initialized
ModuleNotFoundError: No module named 'encodings'

Current thread 0x00002e3c (most recent call first):
  <no Python frame>
Could not find platform independent libraries <prefix>
Fatal Python error: Failed to import encodings module
Python runtime state: core initialized
ModuleNotFoundError: No module named 'encodings'

Current thread 0x00001cf0 (most recent call first):
  <no Python frame>
Could not find platform independent libraries <prefix>
Fatal Python error: Failed to import encodings module
Python runtime state: core initialized
ModuleNotFoundError: No module named 'encodings'

Current thread 0x00003824 (most recent call first):
  <no Python frame>
Could not find platform independent libraries <prefix>
Fatal Python error: Failed to import encodings module
Python runtime state: core initialized
ModuleNotFoundError: No module named 'encodings'

Current thread 0x00002858 (most recent call first):
  <no Python frame>
Could not find platform independent libraries <prefix>
Fatal Python error: Failed to import encodings module
Python runtime state: core initialized
ModuleNotFoundError: No module named 'encodings'

Current thread 0x0000207c (most recent call first):
  <no Python frame>
Could not find platform independent libraries <prefix>
Fatal Python error: Failed to import encodings module
Python runtime state: core initialized
ModuleNotFoundError: No module named 'encodings'

Current thread 0x000004c0 (most recent call first):
  <no Python frame>
Could not find platform independent libraries <prefix>
Fatal Python error: Failed to import encodings module
Python runtime state: core initialized
ModuleNotFoundError: No module named 'encodings'

Current thread 0x00003b04 (most recent call first):
  <no Python frame>
Could not find platform independent libraries <prefix>
Fatal Python error: Failed to import encodings module
Python runtime state: core initialized
ModuleNotFoundError: No module named 'encodings'

Current thread 0x00002c70 (most recent call first):
  <no Python frame>
Could not find platform independent libraries <prefix>
Fatal Python error: Failed to import encodings module
Python runtime state: core initialized
ModuleNotFoundError: No module named 'encodings'

Current thread 0x00003824 (most recent call first):
  <no Python frame>
Could not find platform independent libraries <prefix>
Fatal Python error: Failed to import encodings module
Python runtime state: core initialized
ModuleNotFoundError: No module named 'encodings'

Current thread 0x0000158c (most recent call first):
  <no Python frame>
Could not find platform independent libraries <prefix>
Fatal Python error: Failed to import encodings module
Python runtime state: core initialized
ModuleNotFoundError: No module named 'encodings'

Current thread 0x00000bc4 (most recent call first):
  <no Python frame>
Could not find platform independent libraries <prefix>
Fatal Python error: Failed to import encodings module
Python runtime state: core initialized
ModuleNotFoundError: No module named 'encodings'

Current thread 0x00003928 (most recent call first):
  <no Python frame>
Could not find platform independent libraries <prefix>
Fatal Python error: Failed to import encodings module
Python runtime state: core initialized
ModuleNotFoundError: No module named 'encodings'

Current thread 0x00002780 (most recent call first):
  <no Python frame>
Could not find platform independent libraries <prefix>
Fatal Python error: Failed to import encodings module
Python runtime state: core initialized
ModuleNotFoundError: No module named 'encodings'

Current thread 0x00002df8 (most recent call first):
  <no Python frame>
Could not find platform independent libraries <prefix>
Fatal Python error: Failed to import encodings module
Python runtime state: core initialized
ModuleNotFoundError: No module named 'encodings'

Current thread 0x00002d78 (most recent call first):
  <no Python frame>
Could not find platform independent libraries <prefix>
Fatal Python error: Failed to import encodings module
Python runtime state: core initialized
ModuleNotFoundError: No module named 'encodings'

Current thread 0x00003bac (most recent call first):
  <no Python frame>
Could not find platform independent libraries <prefix>
Fatal Python error: Failed to import encodings module
Python runtime state: core initialized
ModuleNotFoundError: No module named 'encodings'

Current thread 0x00002a4c (most recent call first):
  <no Python frame>
Could not find platform independent libraries <prefix>
Fatal Python error: Failed to import encodings module
Python runtime state: core initialized
ModuleNotFoundError: No module named 'encodings'

Current thread 0x00000ffc (most recent call first):
  <no Python frame>
Could not find platform independent libraries <prefix>
Fatal Python error: Failed to import encodings module
Python runtime state: core initialized
ModuleNotFoundError: No module named 'encodings'

Current thread 0x00002ca8 (most recent call first):
  <no Python frame>
Could not find platform independent libraries <prefix>
Fatal Python error: Failed to import encodings module
Python runtime state: core initialized
ModuleNotFoundError: No module named 'encodings'

Current thread 0x00001614 (most recent call first):
  <no Python frame>
Could not find platform independent libraries <prefix>
Fatal Python error: Failed to import encodings module
Python runtime state: core initialized
ModuleNotFoundError: No module named 'encodings'

Current thread 0x000013fc (most recent call first):
  <no Python frame>
Could not find platform independent libraries <prefix>
Fatal Python error: Failed to import encodings module
Python runtime state: core initialized
ModuleNotFoundError: No module named 'encodings'

Current thread 0x00000f64 (most recent call first):
  <no Python frame>
Could not find platform independent libraries <prefix>
Fatal Python error: Failed to import encodings module
Python runtime state: core initialized
ModuleNotFoundError: No module named 'encodings'

Current thread 0x00001a48 (most recent call first):
  <no Python frame>
Could not find platform independent libraries <prefix>
Fatal Python error: Failed to import encodings module
Python runtime state: core initialized
ModuleNotFoundError: No module named 'encodings'

Current thread 0x000017b8 (most recent call first):
  <no Python frame>
Could not find platform independent libraries <prefix>
Fatal Python error: Failed to import encodings module
Python runtime state: core initialized
ModuleNotFoundError: No module named 'encodings'

Current thread 0x000008e0 (most recent call first):
  <no Python frame>
Could not find platform independent libraries <prefix>
Fatal Python error: Failed to import encodings module
Python runtime state: core initialized
ModuleNotFoundError: No module named 'encodings'

Current thread 0x00000edc (most recent call first):
  <no Python frame>
Could not find platform independent libraries <prefix>
Fatal Python error: Failed to import encodings module
Python runtime state: core initialized
ModuleNotFoundError: No module named 'encodings'

Current thread 0x00001980 (most recent call first):
  <no Python frame>
Could not find platform independent libraries <prefix>
Fatal Python error: Failed to import encodings module
Python runtime state: core initialized
ModuleNotFoundError: No module named 'encodings'

Current thread 0x0000177c (most recent call first):
  <no Python frame>
Could not find platform independent libraries <prefix>
Fatal Python error: Failed to import encodings module
Python runtime state: core initialized
ModuleNotFoundError: No module named 'encodings'

Current thread 0x00002d8c (most recent call first):
  <no Python frame>
Could not find platform independent libraries <prefix>
Fatal Python error: Failed to import encodings module
Python runtime state: core initialized
ModuleNotFoundError: No module named 'encodings'

Current thread 0x00003794 (most recent call first):
  <no Python frame>
Could not find platform independent libraries <prefix>
Fatal Python error: Failed to import encodings module
Python runtime state: core initialized
ModuleNotFoundError: No module named 'encodings'

Current thread 0x00003790 (most recent call first):
  <no Python frame>
Could not find platform independent libraries <prefix>
Fatal Python error: Failed to import encodings module
Python runtime state: core initialized
ModuleNotFoundError: No module named 'encodings'

Current thread 0x000017b0 (most recent call first):
  <no Python frame>
Could not find platform independent libraries <prefix>
Fatal Python error: Failed to import encodings module
Python runtime state: core initialized
ModuleNotFoundError: No module named 'encodings'

Current thread 0x000030c8 (most recent call first):
  <no Python frame>
Could not find platform independent libraries <prefix>
Fatal Python error: Failed to import encodings module
Python runtime state: core initialized
ModuleNotFoundError: No module named 'encodings'

Current thread 0x000027f0 (most recent call first):
  <no Python frame>
Could not find platform independent libraries <prefix>
Fatal Python error: Failed to import encodings module
Python runtime state: core initialized
ModuleNotFoundError: No module named 'encodings'

Current thread 0x00001c70 (most recent call first):
  <no Python frame>
Could not find platform independent libraries <prefix>
Fatal Python error: Failed to import encodings module
Python runtime state: core initialized
ModuleNotFoundError: No module named 'encodings'

Current thread 0x00001e30 (most recent call first):
  <no Python frame>
Could not find platform independent libraries <prefix>
Fatal Python error: Failed to import encodings module
Python runtime state: core initialized
ModuleNotFoundError: No module named 'encodings'

Current thread 0x00001330 (most recent call first):
  <no Python frame>
Could not find platform independent libraries <prefix>
Fatal Python error: Failed to import encodings module
Python runtime state: core initialized
ModuleNotFoundError: No module named 'encodings'

Current thread 0x000021b0 (most recent call first):
  <no Python frame>
Could not find platform independent libraries <prefix>
Fatal Python error: Failed to import encodings module
Python runtime state: core initialized
ModuleNotFoundError: No module named 'encodings'

Current thread 0x000014fc (most recent call first):
  <no Python frame>
Could not find platform independent libraries <prefix>
Fatal Python error: Failed to import encodings module
Python runtime state: core initialized
ModuleNotFoundError: No module named 'encodings'

Current thread 0x000008e4 (most recent call first):
  <no Python frame>
Could not find platform independent libraries <prefix>
Fatal Python error: Failed to import encodings module
Python runtime state: core initialized
ModuleNotFoundError: No module named 'encodings'

Current thread 0x00002e58 (most recent call first):
  <no Python frame>
Could not find platform independent libraries <prefix>
Fatal Python error: Failed to import encodings module
Python runtime state: core initialized
ModuleNotFoundError: No module named 'encodings'

Current thread 0x00001c58 (most recent call first):
  <no Python frame>
Could not find platform independent libraries <prefix>
Fatal Python error: Failed to import encodings module
Python runtime state: core initialized
ModuleNotFoundError: No module named 'encodings'

Current thread 0x00003104 (most recent call first):
  <no Python frame>
Could not find platform independent libraries <prefix>
Fatal Python error: Failed to import encodings module
Python runtime state: core initialized
ModuleNotFoundError: No module named 'encodings'

Current thread 0x00001968 (most recent call first):
  <no Python frame>
Could not find platform independent libraries <prefix>
Fatal Python error: Failed to import encodings module
Python runtime state: core initialized
ModuleNotFoundError: No module named 'encodings'

Current thread 0x00002574 (most recent call first):
  <no Python frame>
Could not find platform independent libraries <prefix>
Fatal Python error: Failed to import encodings module
Python runtime state: core initialized
ModuleNotFoundError: No module named 'encodings'

Current thread 0x000032d4 (most recent call first):
  <no Python frame>
Could not find platform independent libraries <prefix>
Fatal Python error: Failed to import encodings module
Python runtime state: core initialized
ModuleNotFoundError: No module named 'encodings'

Current thread 0x0000253c (most recent call first):
  <no Python frame>
Could not find platform independent libraries <prefix>
Fatal Python error: Failed to import encodings module
Python runtime state: core initialized
ModuleNotFoundError: No module named 'encodings'

Current thread 0x00001c78 (most recent call first):
  <no Python frame>
Could not find platform independent libraries <prefix>
Fatal Python error: Failed to import encodings module
Python runtime state: core initialized
ModuleNotFoundError: No module named 'encodings'

Current thread 0x00001dd0 (most recent call first):
  <no Python frame>
Could not find platform independent libraries <prefix>
Fatal Python error: Failed to import encodings module
Python runtime state: core initialized
ModuleNotFoundError: No module named 'encodings'

Current thread 0x00003080 (most recent call first):
  <no Python frame>
Could not find platform independent libraries <prefix>
Fatal Python error: Failed to import encodings module
Python runtime state: core initialized
ModuleNotFoundError: No module named 'encodings'

Current thread 0x00000748 (most recent call first):
  <no Python frame>
Traceback (most recent call last):
  File "C:\Users\vmadmin\Estimating-takeoff-export\local_injection_server.py", line 1, in <module>
    from flask import Flask, request, jsonify, send_file
ModuleNotFoundError: No module named 'flask'
Traceback (most recent call last):
  File "C:\Users\vmadmin\Estimating-takeoff-export\local_injection_server.py", line 1, in <module>
    from flask import Flask, request, jsonify, send_file
ModuleNotFoundError: No module named 'flask'
No Python at '"C:\Program Files\Python312\python.exe'
No Python at '"C:\Program Files\Python312\python.exe'
No Python at '"C:\Program Files\Python312\python.exe'
No Python at '"C:\Program Files\Python312\python.exe'
No Python at '"C:\Program Files\Python312\python.exe'
No Python at '"C:\Program Files\Python312\python.exe'
No Python at '"C:\Program Files\Python312\python.exe'
No Python at '"C:\Program Files\Python312\python.exe'
No Python at '"C:\Program Files\Python312\python.exe'
No Python at '"C:\Program Files\Python312\python.exe'
No Python at '"C:\Program Files\Python312\python.exe'
No Python at '"C:\Program Files\Python312\python.exe'
No Python at '"C:\Program Files\Python312\python.exe'
No Python at '"C:\Program Files\Python312\python.exe'
No Python at '"C:\Program Files\Python312\python.exe'
No Python at '"C:\Program Files\Python312\python.exe'
No Python at '"C:\Program Files\Python312\python.exe'
No Python at '"C:\Program Files\Python312\python.exe'
No Python at '"C:\Program Files\Python312\python.exe'
No Python at '"C:\Program Files\Python312\python.exe'
No Python at '"C:\Program Files\Python312\python.exe'
No Python at '"C:\Program Files\Python312\python.exe'
No Python at '"C:\Program Files\Python312\python.exe'
No Python at '"C:\Program Files\Python312\python.exe'
No Python at '"C:\Program Files\Python312\python.exe'
No Python at '"C:\Program Files\Python312\python.exe'
No Python at '"C:\Program Files\Python312\python.exe'
No Python at '"C:\Program Files\Python312\python.exe'
No Python at '"C:\Program Files\Python312\python.exe'
No Python at '"C:\Program Files\Python312\python.exe'
No Python at '"C:\Program Files\Python312\python.exe'
No Python at '"C:\Program Files\Python312\python.exe'
No Python at '"C:\Program Files\Python312\python.exe'
No Python at '"C:\Program Files\Python312\python.exe'
No Python at '"C:\Program Files\Python312\python.exe'
No Python at '"C:\Program Files\Python312\python.exe'
No Python at '"C:\Program Files\Python312\python.exe'
No Python at '"C:\Program Files\Python312\python.exe'
No Python at '"C:\Program Files\Python312\python.exe'
No Python at '"C:\Program Files\Python312\python.exe'
No Python at '"C:\Program Files\Python312\python.exe'
No Python at '"C:\Program Files\Python312\python.exe'
No Python at '"C:\Program Files\Python312\python.exe'
No Python at '"C:\Program Files\Python312\python.exe'
No Python at '"C:\Program Files\Python312\python.exe'
No Python at '"C:\Program Files\Python312\python.exe'
No Python at '"C:\Program Files\Python312\python.exe'
No Python at '"C:\Program Files\Python312\python.exe'
No Python at '"C:\Program Files\Python312\python.exe'
No Python at '"C:\Program Files\Python312\python.exe'
