Could not find platform independent libraries <prefix>
Fatal Python error: Failed to import encodings module
Python runtime state: core initialized
ModuleNotFoundError: No module named 'encodings'

Current thread 0x00001f68 (most recent call first):
  <no Python frame>
Could not find platform independent libraries <prefix>
Fatal Python error: Failed to import encodings module
Python runtime state: core initialized
ModuleNotFoundError: No module named 'encodings'

Current thread 0x000019b4 (most recent call first):
  <no Python frame>
Could not find platform independent libraries <prefix>
Fatal Python error: Failed to import encodings module
Python runtime state: core initialized
ModuleNotFoundError: No module named 'encodings'

Current thread 0x00000d10 (most recent call first):
  <no Python frame>
Could not find platform independent libraries <prefix>
Fatal Python error: Failed to import encodings module
Python runtime state: core initialized
ModuleNotFoundError: No module named 'encodings'

Current thread 0x000007d8 (most recent call first):
  <no Python frame>
Could not find platform independent libraries <prefix>
Fatal Python error: Failed to import encodings module
Python runtime state: core initialized
ModuleNotFoundError: No module named 'encodings'

Current thread 0x00002cd4 (most recent call first):
  <no Python frame>
Could not find platform independent libraries <prefix>
Fatal Python error: Failed to import encodings module
Python runtime state: core initialized
ModuleNotFoundError: No module named 'encodings'

Current thread 0x00002390 (most recent call first):
  <no Python frame>
Could not find platform independent libraries <prefix>
Fatal Python error: Failed to import encodings module
Python runtime state: core initialized
ModuleNotFoundError: No module named 'encodings'

Current thread 0x000028a4 (most recent call first):
  <no Python frame>
